Archive member included to satisfy reference by file (symbol)

c:/program files (x86)/atmel/studio/7.0/toolchain/avr8/avr8-gnu-toolchain/bin/../lib/gcc/avr/5.4.0/avr5\libgcc.a(_udivmodsi4.o)
                              ADC.o (__udivmodsi4)
c:/program files (x86)/atmel/studio/7.0/toolchain/avr8/avr8-gnu-toolchain/bin/../lib/gcc/avr/5.4.0/avr5\libgcc.a(_exit.o)
                              C:/Program Files (x86)/Atmel/Studio/7.0/Packs/atmel/ATmega_DFP/1.7.374/gcc/dev/atmega32/avr5/crtatmega32.o (exit)
c:/program files (x86)/atmel/studio/7.0/toolchain/avr8/avr8-gnu-toolchain/bin/../lib/gcc/avr/5.4.0/avr5\libgcc.a(_copy_data.o)
                              LINE_SENSOR.o (__do_copy_data)
c:/program files (x86)/atmel/studio/7.0/toolchain/avr8/avr8-gnu-toolchain/bin/../lib/gcc/avr/5.4.0/avr5\libgcc.a(_umulhisi3.o)
                              ADC.o (__umulhisi3)

Discarded input sections

 .data          0x00000000        0x0 C:/Program Files (x86)/Atmel/Studio/7.0/Packs/atmel/ATmega_DFP/1.7.374/gcc/dev/atmega32/avr5/crtatmega32.o
 .bss           0x00000000        0x0 C:/Program Files (x86)/Atmel/Studio/7.0/Packs/atmel/ATmega_DFP/1.7.374/gcc/dev/atmega32/avr5/crtatmega32.o
 .text          0x00000000        0x0 ADC.o
 .data          0x00000000        0x0 ADC.o
 .bss           0x00000000        0x0 ADC.o
 .text.ADC_init
                0x00000000        0xa ADC.o
 .text.ADC_voidEnable
                0x00000000        0x8 ADC.o
 .text.ADC_voidDisable
                0x00000000        0x8 ADC.o
 .text.ADC_voidStartConversion
                0x00000000       0x14 ADC.o
 .text.ADC_u8ReadADC
                0x00000000        0xe ADC.o
 .text.ADC_u16ReadADCInMV
                0x00000000       0x26 ADC.o
 .debug_info    0x00000000      0x159 ADC.o
 .debug_abbrev  0x00000000       0xca ADC.o
 .debug_loc     0x00000000       0x39 ADC.o
 .debug_aranges
                0x00000000       0x48 ADC.o
 .debug_ranges  0x00000000       0x38 ADC.o
 .debug_line    0x00000000      0x15f ADC.o
 .debug_str     0x00000000      0x224 ADC.o
 .comment       0x00000000       0x31 ADC.o
 .debug_frame   0x00000000       0x74 ADC.o
 .text          0x00000000        0x0 BUZZER.o
 .data          0x00000000        0x0 BUZZER.o
 .bss           0x00000000        0x0 BUZZER.o
 .text.BUZZER_Init
                0x00000000       0x16 BUZZER.o
 .text.BUZZER_On
                0x00000000        0xc BUZZER.o
 .text.BUZZER_Off
                0x00000000        0xc BUZZER.o
 .debug_info    0x00000000      0x143 BUZZER.o
 .debug_abbrev  0x00000000       0x71 BUZZER.o
 .debug_aranges
                0x00000000       0x30 BUZZER.o
 .debug_ranges  0x00000000       0x20 BUZZER.o
 .debug_line    0x00000000       0x7a BUZZER.o
 .debug_str     0x00000000      0x1d9 BUZZER.o
 .comment       0x00000000       0x31 BUZZER.o
 .debug_frame   0x00000000       0x44 BUZZER.o
 .text          0x00000000        0x0 DIO.o
 .data          0x00000000        0x0 DIO.o
 .bss           0x00000000        0x0 DIO.o
 .text.DIO_GetPinValue
                0x00000000       0x64 DIO.o
 .text.DIO_SetPortDirection
                0x00000000       0x20 DIO.o
 .text.DIO_SetPortValue
                0x00000000       0x20 DIO.o
 .text.DIO_GetPortValue
                0x00000000       0x24 DIO.o
 .text.DIO_TogglePortValue
                0x00000000       0x30 DIO.o
 .text          0x00000000        0x0 HX711.o
 .data          0x00000000        0x0 HX711.o
 .bss           0x00000000        0x0 HX711.o
 .text.HX711_Init
                0x00000000       0x20 HX711.o
 .text.HX711_IsReady
                0x00000000       0x12 HX711.o
 .text.HX711_ReadRaw
                0x00000000       0x82 HX711.o
 .debug_info    0x00000000      0x35f HX711.o
 .debug_abbrev  0x00000000      0x168 HX711.o
 .debug_loc     0x00000000      0x17d HX711.o
 .debug_aranges
                0x00000000       0x30 HX711.o
 .debug_ranges  0x00000000       0x20 HX711.o
 .debug_line    0x00000000      0x1e4 HX711.o
 .debug_str     0x00000000      0x245 HX711.o
 .comment       0x00000000       0x31 HX711.o
 .debug_frame   0x00000000       0x60 HX711.o
 .text          0x00000000        0x0 LED.o
 .data          0x00000000        0x0 LED.o
 .bss           0x00000000        0x0 LED.o
 .text.LED_On   0x00000000        0xc LED.o
 .text.LED_Off  0x00000000        0xc LED.o
 .text          0x00000000        0x0 LIMIT_SWITCH.o
 .data          0x00000000        0x0 LIMIT_SWITCH.o
 .bss           0x00000000        0x0 LIMIT_SWITCH.o
 .text.LIMIT_SWITCH_Init
                0x00000000       0x16 LIMIT_SWITCH.o
 .text.LIMIT_SWITCH_IsPressed
                0x00000000       0x12 LIMIT_SWITCH.o
 .debug_info    0x00000000      0x125 LIMIT_SWITCH.o
 .debug_abbrev  0x00000000       0x9a LIMIT_SWITCH.o
 .debug_aranges
                0x00000000       0x28 LIMIT_SWITCH.o
 .debug_ranges  0x00000000       0x18 LIMIT_SWITCH.o
 .debug_line    0x00000000       0x7f LIMIT_SWITCH.o
 .debug_str     0x00000000      0x1f7 LIMIT_SWITCH.o
 .comment       0x00000000       0x31 LIMIT_SWITCH.o
 .debug_frame   0x00000000       0x34 LIMIT_SWITCH.o
 .text          0x00000000        0x0 LINE_SENSOR.o
 .data          0x00000000        0x0 LINE_SENSOR.o
 .bss           0x00000000        0x0 LINE_SENSOR.o
 .text.LINE_SENSOR_Init
                0x00000000       0x22 LINE_SENSOR.o
 .text.LINE_SENSOR_Read
                0x00000000       0x1a LINE_SENSOR.o
 .rodata.LINE_PINS
                0x00000000        0x3 LINE_SENSOR.o
 .debug_info    0x00000000      0x13f LINE_SENSOR.o
 .debug_abbrev  0x00000000       0xd3 LINE_SENSOR.o
 .debug_loc     0x00000000       0x7b LINE_SENSOR.o
 .debug_aranges
                0x00000000       0x28 LINE_SENSOR.o
 .debug_ranges  0x00000000       0x18 LINE_SENSOR.o
 .debug_line    0x00000000       0xaa LINE_SENSOR.o
 .debug_str     0x00000000      0x1f9 LINE_SENSOR.o
 .comment       0x00000000       0x31 LINE_SENSOR.o
 .debug_frame   0x00000000       0x3c LINE_SENSOR.o
 .text          0x00000000        0x0 LM35.o
 .data          0x00000000        0x0 LM35.o
 .bss           0x00000000        0x0 LM35.o
 .text.LM35_Init
                0x00000000        0xa LM35.o
 .text.LM35_GetTemperature
                0x00000000       0x22 LM35.o
 .debug_info    0x00000000      0x13e LM35.o
 .debug_abbrev  0x00000000       0xb4 LM35.o
 .debug_loc     0x00000000       0x28 LM35.o
 .debug_aranges
                0x00000000       0x28 LM35.o
 .debug_ranges  0x00000000       0x18 LM35.o
 .debug_line    0x00000000       0x83 LM35.o
 .debug_str     0x00000000      0x20b LM35.o
 .comment       0x00000000       0x31 LM35.o
 .debug_frame   0x00000000       0x34 LM35.o
 .text          0x00000000        0x0 main_SLAVE.o
 .data          0x00000000        0x0 main_SLAVE.o
 .bss           0x00000000        0x0 main_SLAVE.o
 .text          0x00000000        0x0 MOTOR.o
 .data          0x00000000        0x0 MOTOR.o
 .bss           0x00000000        0x0 MOTOR.o
 .text.MOTOR_SetLeftSpeed
                0x00000000       0x26 MOTOR.o
 .text.MOTOR_SetRightSpeed
                0x00000000       0x26 MOTOR.o
 .text.MOTOR_SetSpeed
                0x00000000       0x12 MOTOR.o
 .text.MOTOR_Forward
                0x00000000       0x60 MOTOR.o
 .text.MOTOR_Backward
                0x00000000       0x60 MOTOR.o
 .text.MOTOR_Left
                0x00000000       0x60 MOTOR.o
 .text.MOTOR_Right
                0x00000000       0x60 MOTOR.o
 .text.MOTOR_Stop
                0x00000000       0x12 MOTOR.o
 .text.MOTOR_Init
                0x00000000       0x2e MOTOR.o
 .debug_info    0x00000000      0x704 MOTOR.o
 .debug_abbrev  0x00000000       0xf1 MOTOR.o
 .debug_loc     0x00000000      0x1e3 MOTOR.o
 .debug_aranges
                0x00000000       0x60 MOTOR.o
 .debug_ranges  0x00000000       0x50 MOTOR.o
 .debug_line    0x00000000      0x2a8 MOTOR.o
 .debug_str     0x00000000      0x294 MOTOR.o
 .comment       0x00000000       0x31 MOTOR.o
 .debug_frame   0x00000000       0xcc MOTOR.o
 .text          0x00000000        0x0 SERVO.o
 .data          0x00000000        0x0 SERVO.o
 .bss           0x00000000        0x0 SERVO.o
 .text.SERVO_Init
                0x00000000       0x16 SERVO.o
 .text.SERVO_SetAngle
                0x00000000       0x52 SERVO.o
 .debug_info    0x00000000      0x205 SERVO.o
 .debug_abbrev  0x00000000      0x145 SERVO.o
 .debug_loc     0x00000000       0xcd SERVO.o
 .debug_aranges
                0x00000000       0x28 SERVO.o
 .debug_ranges  0x00000000       0x18 SERVO.o
 .debug_line    0x00000000      0x17e SERVO.o
 .debug_str     0x00000000      0x231 SERVO.o
 .comment       0x00000000       0x31 SERVO.o
 .debug_frame   0x00000000       0x40 SERVO.o
 .text          0x00000000        0x0 SLAVE_APP.o
 .data          0x00000000        0x0 SLAVE_APP.o
 .bss           0x00000000        0x0 SLAVE_APP.o
 .text.SLAVE_OpenCompartment
                0x00000000       0x22 SLAVE_APP.o
 .text.SLAVE_CloseCompartment
                0x00000000       0x22 SLAVE_APP.o
 .text.SLAVE_TravelToRoom
                0x00000000       0x70 SLAVE_APP.o
 .text.SLAVE_Init
                0x00000000       0x2c SLAVE_APP.o
 .text.SLAVE_WaitCommand
                0x00000000       0x60 SLAVE_APP.o
 .text.SLAVE_ExecuteMission
                0x00000000       0x50 SLAVE_APP.o
 .text.SLAVE_SendResult
                0x00000000       0x14 SLAVE_APP.o
 .debug_info    0x00000000      0x5f3 SLAVE_APP.o
 .debug_abbrev  0x00000000      0x1a9 SLAVE_APP.o
 .debug_loc     0x00000000      0x480 SLAVE_APP.o
 .debug_aranges
                0x00000000       0x50 SLAVE_APP.o
 .debug_ranges  0x00000000       0x40 SLAVE_APP.o
 .debug_line    0x00000000      0x3b0 SLAVE_APP.o
 .debug_str     0x00000000      0x3cb SLAVE_APP.o
 .comment       0x00000000       0x31 SLAVE_APP.o
 .debug_frame   0x00000000       0xd4 SLAVE_APP.o
 .text          0x00000000        0x0 UART.o
 .data          0x00000000        0x0 UART.o
 .bss           0x00000000        0x0 UART.o
 .text.UART_SendChar
                0x00000000        0x8 UART.o
 .text.UART_SendString
                0x00000000       0x1a UART.o
 .text.UART_DataAvailable
                0x00000000        0xa UART.o
 .text          0x00000000        0x0 ULTRASONIC.o
 .data          0x00000000        0x0 ULTRASONIC.o
 .bss           0x00000000        0x0 ULTRASONIC.o
 .text.ULTRASONIC_Init
                0x00000000       0x20 ULTRASONIC.o
 .text.ULTRASONIC_GetDistance
                0x00000000       0xa6 ULTRASONIC.o
 .debug_info    0x00000000      0x295 ULTRASONIC.o
 .debug_abbrev  0x00000000      0x132 ULTRASONIC.o
 .debug_loc     0x00000000      0x155 ULTRASONIC.o
 .debug_aranges
                0x00000000       0x28 ULTRASONIC.o
 .debug_ranges  0x00000000       0x18 ULTRASONIC.o
 .debug_line    0x00000000      0x1b3 ULTRASONIC.o
 .debug_str     0x00000000      0x25e ULTRASONIC.o
 .comment       0x00000000       0x31 ULTRASONIC.o
 .debug_frame   0x00000000       0x48 ULTRASONIC.o
 .text          0x00000000        0x0 c:/program files (x86)/atmel/studio/7.0/toolchain/avr8/avr8-gnu-toolchain/bin/../lib/gcc/avr/5.4.0/avr5\libgcc.a(_udivmodsi4.o)
 .data          0x00000000        0x0 c:/program files (x86)/atmel/studio/7.0/toolchain/avr8/avr8-gnu-toolchain/bin/../lib/gcc/avr/5.4.0/avr5\libgcc.a(_udivmodsi4.o)
 .bss           0x00000000        0x0 c:/program files (x86)/atmel/studio/7.0/toolchain/avr8/avr8-gnu-toolchain/bin/../lib/gcc/avr/5.4.0/avr5\libgcc.a(_udivmodsi4.o)
 .text.libgcc.mul
                0x00000000        0x0 c:/program files (x86)/atmel/studio/7.0/toolchain/avr8/avr8-gnu-toolchain/bin/../lib/gcc/avr/5.4.0/avr5\libgcc.a(_udivmodsi4.o)
 .text.libgcc.div
                0x00000000       0x44 c:/program files (x86)/atmel/studio/7.0/toolchain/avr8/avr8-gnu-toolchain/bin/../lib/gcc/avr/5.4.0/avr5\libgcc.a(_udivmodsi4.o)
 .text.libgcc   0x00000000        0x0 c:/program files (x86)/atmel/studio/7.0/toolchain/avr8/avr8-gnu-toolchain/bin/../lib/gcc/avr/5.4.0/avr5\libgcc.a(_udivmodsi4.o)
 .text.libgcc.prologue
                0x00000000        0x0 c:/program files (x86)/atmel/studio/7.0/toolchain/avr8/avr8-gnu-toolchain/bin/../lib/gcc/avr/5.4.0/avr5\libgcc.a(_udivmodsi4.o)
 .text.libgcc.builtins
                0x00000000        0x0 c:/program files (x86)/atmel/studio/7.0/toolchain/avr8/avr8-gnu-toolchain/bin/../lib/gcc/avr/5.4.0/avr5\libgcc.a(_udivmodsi4.o)
 .text.libgcc.fmul
                0x00000000        0x0 c:/program files (x86)/atmel/studio/7.0/toolchain/avr8/avr8-gnu-toolchain/bin/../lib/gcc/avr/5.4.0/avr5\libgcc.a(_udivmodsi4.o)
 .text.libgcc.fixed
                0x00000000        0x0 c:/program files (x86)/atmel/studio/7.0/toolchain/avr8/avr8-gnu-toolchain/bin/../lib/gcc/avr/5.4.0/avr5\libgcc.a(_udivmodsi4.o)
 .text          0x00000000        0x0 c:/program files (x86)/atmel/studio/7.0/toolchain/avr8/avr8-gnu-toolchain/bin/../lib/gcc/avr/5.4.0/avr5\libgcc.a(_exit.o)
 .data          0x00000000        0x0 c:/program files (x86)/atmel/studio/7.0/toolchain/avr8/avr8-gnu-toolchain/bin/../lib/gcc/avr/5.4.0/avr5\libgcc.a(_exit.o)
 .bss           0x00000000        0x0 c:/program files (x86)/atmel/studio/7.0/toolchain/avr8/avr8-gnu-toolchain/bin/../lib/gcc/avr/5.4.0/avr5\libgcc.a(_exit.o)
 .text.libgcc.mul
                0x00000000        0x0 c:/program files (x86)/atmel/studio/7.0/toolchain/avr8/avr8-gnu-toolchain/bin/../lib/gcc/avr/5.4.0/avr5\libgcc.a(_exit.o)
 .text.libgcc.div
                0x00000000        0x0 c:/program files (x86)/atmel/studio/7.0/toolchain/avr8/avr8-gnu-toolchain/bin/../lib/gcc/avr/5.4.0/avr5\libgcc.a(_exit.o)
 .text.libgcc   0x00000000        0x0 c:/program files (x86)/atmel/studio/7.0/toolchain/avr8/avr8-gnu-toolchain/bin/../lib/gcc/avr/5.4.0/avr5\libgcc.a(_exit.o)
 .text.libgcc.prologue
                0x00000000        0x0 c:/program files (x86)/atmel/studio/7.0/toolchain/avr8/avr8-gnu-toolchain/bin/../lib/gcc/avr/5.4.0/avr5\libgcc.a(_exit.o)
 .text.libgcc.builtins
                0x00000000        0x0 c:/program files (x86)/atmel/studio/7.0/toolchain/avr8/avr8-gnu-toolchain/bin/../lib/gcc/avr/5.4.0/avr5\libgcc.a(_exit.o)
 .text.libgcc.fmul
                0x00000000        0x0 c:/program files (x86)/atmel/studio/7.0/toolchain/avr8/avr8-gnu-toolchain/bin/../lib/gcc/avr/5.4.0/avr5\libgcc.a(_exit.o)
 .text.libgcc.fixed
                0x00000000        0x0 c:/program files (x86)/atmel/studio/7.0/toolchain/avr8/avr8-gnu-toolchain/bin/../lib/gcc/avr/5.4.0/avr5\libgcc.a(_exit.o)
 .text          0x00000000        0x0 c:/program files (x86)/atmel/studio/7.0/toolchain/avr8/avr8-gnu-toolchain/bin/../lib/gcc/avr/5.4.0/avr5\libgcc.a(_copy_data.o)
 .data          0x00000000        0x0 c:/program files (x86)/atmel/studio/7.0/toolchain/avr8/avr8-gnu-toolchain/bin/../lib/gcc/avr/5.4.0/avr5\libgcc.a(_copy_data.o)
 .bss           0x00000000        0x0 c:/program files (x86)/atmel/studio/7.0/toolchain/avr8/avr8-gnu-toolchain/bin/../lib/gcc/avr/5.4.0/avr5\libgcc.a(_copy_data.o)
 .text.libgcc.mul
                0x00000000        0x0 c:/program files (x86)/atmel/studio/7.0/toolchain/avr8/avr8-gnu-toolchain/bin/../lib/gcc/avr/5.4.0/avr5\libgcc.a(_copy_data.o)
 .text.libgcc.div
                0x00000000        0x0 c:/program files (x86)/atmel/studio/7.0/toolchain/avr8/avr8-gnu-toolchain/bin/../lib/gcc/avr/5.4.0/avr5\libgcc.a(_copy_data.o)
 .text.libgcc   0x00000000        0x0 c:/program files (x86)/atmel/studio/7.0/toolchain/avr8/avr8-gnu-toolchain/bin/../lib/gcc/avr/5.4.0/avr5\libgcc.a(_copy_data.o)
 .text.libgcc.prologue
                0x00000000        0x0 c:/program files (x86)/atmel/studio/7.0/toolchain/avr8/avr8-gnu-toolchain/bin/../lib/gcc/avr/5.4.0/avr5\libgcc.a(_copy_data.o)
 .text.libgcc.builtins
                0x00000000        0x0 c:/program files (x86)/atmel/studio/7.0/toolchain/avr8/avr8-gnu-toolchain/bin/../lib/gcc/avr/5.4.0/avr5\libgcc.a(_copy_data.o)
 .text.libgcc.fmul
                0x00000000        0x0 c:/program files (x86)/atmel/studio/7.0/toolchain/avr8/avr8-gnu-toolchain/bin/../lib/gcc/avr/5.4.0/avr5\libgcc.a(_copy_data.o)
 .text.libgcc.fixed
                0x00000000        0x0 c:/program files (x86)/atmel/studio/7.0/toolchain/avr8/avr8-gnu-toolchain/bin/../lib/gcc/avr/5.4.0/avr5\libgcc.a(_copy_data.o)
 .text          0x00000000        0x0 c:/program files (x86)/atmel/studio/7.0/toolchain/avr8/avr8-gnu-toolchain/bin/../lib/gcc/avr/5.4.0/avr5\libgcc.a(_umulhisi3.o)
 .data          0x00000000        0x0 c:/program files (x86)/atmel/studio/7.0/toolchain/avr8/avr8-gnu-toolchain/bin/../lib/gcc/avr/5.4.0/avr5\libgcc.a(_umulhisi3.o)
 .bss           0x00000000        0x0 c:/program files (x86)/atmel/studio/7.0/toolchain/avr8/avr8-gnu-toolchain/bin/../lib/gcc/avr/5.4.0/avr5\libgcc.a(_umulhisi3.o)
 .text.libgcc.mul
                0x00000000       0x1e c:/program files (x86)/atmel/studio/7.0/toolchain/avr8/avr8-gnu-toolchain/bin/../lib/gcc/avr/5.4.0/avr5\libgcc.a(_umulhisi3.o)
 .text.libgcc.div
                0x00000000        0x0 c:/program files (x86)/atmel/studio/7.0/toolchain/avr8/avr8-gnu-toolchain/bin/../lib/gcc/avr/5.4.0/avr5\libgcc.a(_umulhisi3.o)
 .text.libgcc   0x00000000        0x0 c:/program files (x86)/atmel/studio/7.0/toolchain/avr8/avr8-gnu-toolchain/bin/../lib/gcc/avr/5.4.0/avr5\libgcc.a(_umulhisi3.o)
 .text.libgcc.prologue
                0x00000000        0x0 c:/program files (x86)/atmel/studio/7.0/toolchain/avr8/avr8-gnu-toolchain/bin/../lib/gcc/avr/5.4.0/avr5\libgcc.a(_umulhisi3.o)
 .text.libgcc.builtins
                0x00000000        0x0 c:/program files (x86)/atmel/studio/7.0/toolchain/avr8/avr8-gnu-toolchain/bin/../lib/gcc/avr/5.4.0/avr5\libgcc.a(_umulhisi3.o)
 .text.libgcc.fmul
                0x00000000        0x0 c:/program files (x86)/atmel/studio/7.0/toolchain/avr8/avr8-gnu-toolchain/bin/../lib/gcc/avr/5.4.0/avr5\libgcc.a(_umulhisi3.o)
 .text.libgcc.fixed
                0x00000000        0x0 c:/program files (x86)/atmel/studio/7.0/toolchain/avr8/avr8-gnu-toolchain/bin/../lib/gcc/avr/5.4.0/avr5\libgcc.a(_umulhisi3.o)

Memory Configuration

Name             Origin             Length             Attributes
text             0x00000000         0x00008000         xr
data             0x00800060         0x00000800         rw !x
eeprom           0x00810000         0x00000400         rw !x
fuse             0x00820000         0x00000002         rw !x
lock             0x00830000         0x00000400         rw !x
signature        0x00840000         0x00000400         rw !x
user_signatures  0x00850000         0x00000400         rw !x
*default*        0x00000000         0xffffffff

Linker script and memory map

LOAD C:/Program Files (x86)/Atmel/Studio/7.0/Packs/atmel/ATmega_DFP/1.7.374/gcc/dev/atmega32/avr5/crtatmega32.o
LOAD ADC.o
LOAD BUZZER.o
LOAD DIO.o
LOAD HX711.o
LOAD LED.o
LOAD LIMIT_SWITCH.o
LOAD LINE_SENSOR.o
LOAD LM35.o
LOAD main_SLAVE.o
LOAD MOTOR.o
LOAD SERVO.o
LOAD SLAVE_APP.o
LOAD UART.o
LOAD ULTRASONIC.o
START GROUP
LOAD c:/program files (x86)/atmel/studio/7.0/toolchain/avr8/avr8-gnu-toolchain/bin/../lib/gcc/avr/5.4.0/../../../../avr/lib/avr5\libm.a
END GROUP
START GROUP
LOAD c:/program files (x86)/atmel/studio/7.0/toolchain/avr8/avr8-gnu-toolchain/bin/../lib/gcc/avr/5.4.0/avr5\libgcc.a
LOAD c:/program files (x86)/atmel/studio/7.0/toolchain/avr8/avr8-gnu-toolchain/bin/../lib/gcc/avr/5.4.0/../../../../avr/lib/avr5\libm.a
LOAD c:/program files (x86)/atmel/studio/7.0/toolchain/avr8/avr8-gnu-toolchain/bin/../lib/gcc/avr/5.4.0/../../../../avr/lib/avr5\libc.a
LOAD C:/Program Files (x86)/Atmel/Studio/7.0/Packs/atmel/ATmega_DFP/1.7.374/gcc/dev/atmega32/avr5\libatmega32.a
END GROUP
                0x00000000                __TEXT_REGION_ORIGIN__ = DEFINED (__TEXT_REGION_ORIGIN__)?__TEXT_REGION_ORIGIN__:0x0
                [0x00800060]                __DATA_REGION_ORIGIN__ = DEFINED (__DATA_REGION_ORIGIN__)?__DATA_REGION_ORIGIN__:0x800060
                [0x00008000]                __TEXT_REGION_LENGTH__ = DEFINED (__TEXT_REGION_LENGTH__)?__TEXT_REGION_LENGTH__:0x20000
                [0x00000800]                __DATA_REGION_LENGTH__ = DEFINED (__DATA_REGION_LENGTH__)?__DATA_REGION_LENGTH__:0xffa0
                [0x00000400]                __EEPROM_REGION_LENGTH__ = DEFINED (__EEPROM_REGION_LENGTH__)?__EEPROM_REGION_LENGTH__:0x10000
                [0x00000002]                __FUSE_REGION_LENGTH__ = DEFINED (__FUSE_REGION_LENGTH__)?__FUSE_REGION_LENGTH__:0x400
                0x00000400                __LOCK_REGION_LENGTH__ = DEFINED (__LOCK_REGION_LENGTH__)?__LOCK_REGION_LENGTH__:0x400
                0x00000400                __SIGNATURE_REGION_LENGTH__ = DEFINED (__SIGNATURE_REGION_LENGTH__)?__SIGNATURE_REGION_LENGTH__:0x400
                0x00000400                __USER_SIGNATURE_REGION_LENGTH__ = DEFINED (__USER_SIGNATURE_REGION_LENGTH__)?__USER_SIGNATURE_REGION_LENGTH__:0x400

.hash
 *(.hash)

.dynsym
 *(.dynsym)

.dynstr
 *(.dynstr)

.gnu.version
 *(.gnu.version)

.gnu.version_d
 *(.gnu.version_d)

.gnu.version_r
 *(.gnu.version_r)

.rel.init
 *(.rel.init)

.rela.init
 *(.rela.init)

.rel.text
 *(.rel.text)
 *(.rel.text.*)
 *(.rel.gnu.linkonce.t*)

.rela.text
 *(.rela.text)
 *(.rela.text.*)
 *(.rela.gnu.linkonce.t*)

.rel.fini
 *(.rel.fini)

.rela.fini
 *(.rela.fini)

.rel.rodata
 *(.rel.rodata)
 *(.rel.rodata.*)
 *(.rel.gnu.linkonce.r*)

.rela.rodata
 *(.rela.rodata)
 *(.rela.rodata.*)
 *(.rela.gnu.linkonce.r*)

.rel.data
 *(.rel.data)
 *(.rel.data.*)
 *(.rel.gnu.linkonce.d*)

.rela.data
 *(.rela.data)
 *(.rela.data.*)
 *(.rela.gnu.linkonce.d*)

.rel.ctors
 *(.rel.ctors)

.rela.ctors
 *(.rela.ctors)

.rel.dtors
 *(.rel.dtors)

.rela.dtors
 *(.rela.dtors)

.rel.got
 *(.rel.got)

.rela.got
 *(.rela.got)

.rel.bss
 *(.rel.bss)

.rela.bss
 *(.rela.bss)

.rel.plt
 *(.rel.plt)

.rela.plt
 *(.rela.plt)

.text           0x00000000      0x318
 *(.vectors)
 .vectors       0x00000000       0x54 C:/Program Files (x86)/Atmel/Studio/7.0/Packs/atmel/ATmega_DFP/1.7.374/gcc/dev/atmega32/avr5/crtatmega32.o
                0x00000000                __vector_default
                0x00000000                __vectors
 *(.vectors)
 *(.progmem.gcc*)
                0x00000054                . = ALIGN (0x2)
                0x00000054                __trampolines_start = .
 *(.trampolines)
 .trampolines   0x00000054        0x0 linker stubs
 *(.trampolines*)
                0x00000054                __trampolines_end = .
 *libprintf_flt.a:*(.progmem.data)
 *libc.a:*(.progmem.data)
 *(.progmem*)
                0x00000054                . = ALIGN (0x2)
 *(.jumptables)
 *(.jumptables*)
 *(.lowtext)
 *(.lowtext*)
                0x00000054                __ctors_start = .
 *(.ctors)
                0x00000054                __ctors_end = .
                0x00000054                __dtors_start = .
 *(.dtors)
                0x00000054                __dtors_end = .
 SORT(*)(.ctors)
 SORT(*)(.dtors)
 *(.init0)
 .init0         0x00000054        0x0 C:/Program Files (x86)/Atmel/Studio/7.0/Packs/atmel/ATmega_DFP/1.7.374/gcc/dev/atmega32/avr5/crtatmega32.o
                0x00000054                __init
 *(.init0)
 *(.init1)
 *(.init1)
 *(.init2)
 .init2         0x00000054        0xc C:/Program Files (x86)/Atmel/Studio/7.0/Packs/atmel/ATmega_DFP/1.7.374/gcc/dev/atmega32/avr5/crtatmega32.o
 *(.init2)
 *(.init3)
 *(.init3)
 *(.init4)
 .init4         0x00000060       0x16 c:/program files (x86)/atmel/studio/7.0/toolchain/avr8/avr8-gnu-toolchain/bin/../lib/gcc/avr/5.4.0/avr5\libgcc.a(_copy_data.o)
                0x00000060                __do_copy_data
 *(.init4)
 *(.init5)
 *(.init5)
 *(.init6)
 *(.init6)
 *(.init7)
 *(.init7)
 *(.init8)
 *(.init8)
 *(.init9)
 .init9         0x00000076        0x8 C:/Program Files (x86)/Atmel/Studio/7.0/Packs/atmel/ATmega_DFP/1.7.374/gcc/dev/atmega32/avr5/crtatmega32.o
 *(.init9)
 *(.text)
 .text          0x0000007e        0x4 C:/Program Files (x86)/Atmel/Studio/7.0/Packs/atmel/ATmega_DFP/1.7.374/gcc/dev/atmega32/avr5/crtatmega32.o
                0x0000007e                __vector_1
                0x0000007e                __vector_12
                0x0000007e                __bad_interrupt
                0x0000007e                __vector_6
                0x0000007e                __vector_3
                0x0000007e                __vector_11
                0x0000007e                __vector_13
                0x0000007e                __vector_17
                0x0000007e                __vector_19
                0x0000007e                __vector_7
                0x0000007e                __vector_5
                0x0000007e                __vector_4
                0x0000007e                __vector_9
                0x0000007e                __vector_2
                0x0000007e                __vector_15
                0x0000007e                __vector_8
                0x0000007e                __vector_14
                0x0000007e                __vector_10
                0x0000007e                __vector_16
                0x0000007e                __vector_18
                0x0000007e                __vector_20
                0x00000082                . = ALIGN (0x2)
 *(.text.*)
 .text.DIO_SetPinDirection
                0x00000082       0xe0 DIO.o
                0x00000082                DIO_SetPinDirection
 .text.DIO_SetPinValue
                0x00000162       0xe0 DIO.o
                0x00000162                DIO_SetPinValue
 .text.DIO_TogglePinValue
                0x00000242       0x6c DIO.o
                0x00000242                DIO_TogglePinValue
 .text.LED_Init
                0x000002ae       0x16 LED.o
                0x000002ae                LED_Init
 .text.LED_Toggle
                0x000002c4        0xa LED.o
                0x000002c4                LED_Toggle
 .text.main     0x000002ce       0x16 main_SLAVE.o
                0x000002ce                main
 .text.UART_Init
                0x000002e4       0x28 UART.o
                0x000002e4                UART_Init
 .text.UART_ReceiveChar
                0x0000030c        0x8 UART.o
                0x0000030c                UART_ReceiveChar
                0x00000314                . = ALIGN (0x2)
 *(.fini9)
 .fini9         0x00000314        0x0 c:/program files (x86)/atmel/studio/7.0/toolchain/avr8/avr8-gnu-toolchain/bin/../lib/gcc/avr/5.4.0/avr5\libgcc.a(_exit.o)
                0x00000314                _exit
                0x00000314                exit
 *(.fini9)
 *(.fini8)
 *(.fini8)
 *(.fini7)
 *(.fini7)
 *(.fini6)
 *(.fini6)
 *(.fini5)
 *(.fini5)
 *(.fini4)
 *(.fini4)
 *(.fini3)
 *(.fini3)
 *(.fini2)
 *(.fini2)
 *(.fini1)
 *(.fini1)
 *(.fini0)
 .fini0         0x00000314        0x4 c:/program files (x86)/atmel/studio/7.0/toolchain/avr8/avr8-gnu-toolchain/bin/../lib/gcc/avr/5.4.0/avr5\libgcc.a(_exit.o)
 *(.fini0)
                0x00000318                _etext = .

.data           0x00800060        0x0 load address 0x00000318
                0x00800060                PROVIDE (__data_start, .)
 *(.data)
 *(.data*)
 *(.gnu.linkonce.d*)
 *(.rodata)
 *(.rodata*)
 *(.gnu.linkonce.r*)
                0x00800060                . = ALIGN (0x2)
                0x00800060                _edata = .
                0x00800060                PROVIDE (__data_end, .)

.bss            0x00800060        0x0
                [!provide]                PROVIDE (__bss_start, .)
 *(.bss)
 *(.bss*)
 *(COMMON)
                [!provide]                PROVIDE (__bss_end, .)
                0x00000318                __data_load_start = LOADADDR (.data)
                0x00000318                __data_load_end = (__data_load_start + SIZEOF (.data))

.noinit         0x00800060        0x0
                [!provide]                PROVIDE (__noinit_start, .)
 *(.noinit*)
                [!provide]                PROVIDE (__noinit_end, .)
                0x00800060                _end = .
                [!provide]                PROVIDE (__heap_start, .)

.eeprom         0x00810000        0x0
 *(.eeprom*)
                0x00810000                __eeprom_end = .

.fuse
 *(.fuse)
 *(.lfuse)
 *(.hfuse)
 *(.efuse)

.lock
 *(.lock*)

.signature
 *(.signature*)

.user_signatures
 *(.user_signatures*)

.stab
 *(.stab)

.stabstr
 *(.stabstr)

.stab.excl
 *(.stab.excl)

.stab.exclstr
 *(.stab.exclstr)

.stab.index
 *(.stab.index)

.stab.indexstr
 *(.stab.indexstr)

.comment        0x00000000       0x30
 *(.comment)
 .comment       0x00000000       0x30 DIO.o
                                 0x31 (size before relaxing)
 .comment       0x00000030       0x31 LED.o
 .comment       0x00000030       0x31 main_SLAVE.o
 .comment       0x00000030       0x31 UART.o

.note.gnu.avr.deviceinfo
                0x00000000       0x3c
 .note.gnu.avr.deviceinfo
                0x00000000       0x3c C:/Program Files (x86)/Atmel/Studio/7.0/Packs/atmel/ATmega_DFP/1.7.374/gcc/dev/atmega32/avr5/crtatmega32.o

.note.gnu.build-id
 *(.note.gnu.build-id)

.debug
 *(.debug)

.line
 *(.line)

.debug_srcinfo
 *(.debug_srcinfo)

.debug_sfnames
 *(.debug_sfnames)

.debug_aranges  0x00000000       0xf0
 *(.debug_aranges)
 .debug_aranges
                0x00000000       0x58 DIO.o
 .debug_aranges
                0x00000058       0x38 LED.o
 .debug_aranges
                0x00000090       0x20 main_SLAVE.o
 .debug_aranges
                0x000000b0       0x40 UART.o

.debug_pubnames
 *(.debug_pubnames)

.debug_info     0x00000000      0xb12
 *(.debug_info .gnu.linkonce.wi.*)
 .debug_info    0x00000000      0x4e6 C:/Program Files (x86)/Atmel/Studio/7.0/Packs/atmel/ATmega_DFP/1.7.374/gcc/dev/atmega32/avr5/crtatmega32.o
 .debug_info    0x000004e6      0x269 DIO.o
 .debug_info    0x0000074f      0x17f LED.o
 .debug_info    0x000008ce      0x106 main_SLAVE.o
 .debug_info    0x000009d4      0x13e UART.o

.debug_abbrev   0x00000000      0x746
 *(.debug_abbrev)
 .debug_abbrev  0x00000000      0x4a3 C:/Program Files (x86)/Atmel/Studio/7.0/Packs/atmel/ATmega_DFP/1.7.374/gcc/dev/atmega32/avr5/crtatmega32.o
 .debug_abbrev  0x000004a3       0xd0 DIO.o
 .debug_abbrev  0x00000573       0x71 LED.o
 .debug_abbrev  0x000005e4       0x84 main_SLAVE.o
 .debug_abbrev  0x00000668       0xde UART.o

.debug_line     0x00000000      0x699
 *(.debug_line .debug_line.* .debug_line_end)
 .debug_line    0x00000000      0x116 C:/Program Files (x86)/Atmel/Studio/7.0/Packs/atmel/ATmega_DFP/1.7.374/gcc/dev/atmega32/avr5/crtatmega32.o
 .debug_line    0x00000116      0x315 DIO.o
 .debug_line    0x0000042b       0x8d LED.o
 .debug_line    0x000004b8       0x7d main_SLAVE.o
 .debug_line    0x00000535      0x164 UART.o

.debug_frame    0x00000000      0x17c
 *(.debug_frame)
 .debug_frame   0x00000000       0x94 DIO.o
 .debug_frame   0x00000094       0x54 LED.o
 .debug_frame   0x000000e8       0x24 main_SLAVE.o
 .debug_frame   0x0000010c       0x70 UART.o

.debug_str      0x00000000      0x451
 *(.debug_str)
 .debug_str     0x00000000      0x196 C:/Program Files (x86)/Atmel/Studio/7.0/Packs/atmel/ATmega_DFP/1.7.374/gcc/dev/atmega32/avr5/crtatmega32.o
 .debug_str     0x00000196      0x219 DIO.o
                                0x24d (size before relaxing)
 .debug_str     0x000003af       0x2e LED.o
                                0x1eb (size before relaxing)
 .debug_str     0x000003dd       0x32 main_SLAVE.o
                                0x1cc (size before relaxing)
 .debug_str     0x0000040f       0x42 UART.o
                                0x1f8 (size before relaxing)

.debug_loc      0x00000000      0x4fb
 *(.debug_loc)
 .debug_loc     0x00000000      0x491 DIO.o
 .debug_loc     0x00000491       0x13 main_SLAVE.o
 .debug_loc     0x000004a4       0x57 UART.o

.debug_macinfo
 *(.debug_macinfo)

.debug_weaknames
 *(.debug_weaknames)

.debug_funcnames
 *(.debug_funcnames)

.debug_typenames
 *(.debug_typenames)

.debug_varnames
 *(.debug_varnames)

.debug_pubtypes
 *(.debug_pubtypes)

.debug_ranges   0x00000000       0xb0
 *(.debug_ranges)
 .debug_ranges  0x00000000       0x48 DIO.o
 .debug_ranges  0x00000048       0x28 LED.o
 .debug_ranges  0x00000070       0x10 main_SLAVE.o
 .debug_ranges  0x00000080       0x30 UART.o

.debug_macro
 *(.debug_macro)
OUTPUT(Medical_Robot_Slave.elf elf32-avr)
LOAD linker stubs
